--- Running Support Bot End-to-End Tests ---
Test 1: status=200 reply_len=4613 intent=order_status escalated=False actions=['Action 1', 'Action 2']
Test 2: status=200 reply_len=9307 intent=order_status escalated=False has_7days=True
Test 3: status=200 reply=MOCK RESPONSE: You are a friendly, professional, and empathetic customer support agent for Rayeva — 
Test 4: status=200 escalated=False reason=None intent=order_status
Test 5: status=200 escalated=False reason=None intent=order_status
Test 6: status=200 escalated=False intent=order_status
Test 7: status=200 total=4 has_esc=False
Test 8: status=200 total=2 has_esc=False
Test 9: status=200 count=0 sessions=[]
Test 10: status=200 data={'cleared': True, 'session_id': 'verify-session-005'}
Test 11: status=200 total=0
